--------------------------------------------------------------------------------------
Timing Analyzer Summary
--------------------------------------------------------------------------------------

Type           : Worst-case tsu
Slack          : N/A
Required Time  : None
Actual Time    : 8.761 ns
From           : prog_add[0]
To             : DATA_MEM~24
From Clock     : --
To Clock       : prog_clk
Failed Paths   : 0

Type           : Worst-case tco
Slack          : N/A
Required Time  : None
Actual Time    : 12.787 ns
From           : INS[0]
To             : data_out[1]
From Clock     : osc_clock
To Clock       : --
Failed Paths   : 0

Type           : Worst-case th
Slack          : N/A
Required Time  : None
Actual Time    : 0.028 ns
From           : prog_in[6]
To             : PROG_MEM[4][6]
From Clock     : --
To Clock       : prog_clk
Failed Paths   : 0

Type           : Clock Setup: 'osc_clock'
Slack          : N/A
Required Time  : None
Actual Time    : 59.30 MHz ( period = 16.862 ns )
From           : ADD[3]
To             : ZF
From Clock     : osc_clock
To Clock       : osc_clock
Failed Paths   : 0

Type           : Total number of failed paths
Slack          : 
Required Time  : 
Actual Time    : 
From           : 
To             : 
From Clock     : 
To Clock       : 
Failed Paths   : 0

--------------------------------------------------------------------------------------

