Classic Timing Analyzer report for SAP_1
Fri Mar 12 23:04:11 2021
Quartus II Version 9.0 Build 132 02/25/2009 SJ Full Version


---------------------
; Table of Contents ;
---------------------
  1. Legal Notice
  2. Timing Analyzer Summary
  3. Timing Analyzer Settings
  4. Parallel Compilation
  5. tpd
  6. Timing Analyzer Messages



----------------
; Legal Notice ;
----------------
Copyright (C) 1991-2009 Altera Corporation
Your use of Altera Corporation's design tools, logic functions 
and other software and tools, and its AMPP partner logic 
functions, and any output files from any of the foregoing 
(including device programming or simulation files), and any 
associated documentation or information are expressly subject 
to the terms and conditions of the Altera Program License 
Subscription Agreement, Altera MegaCore Function License 
Agreement, or other applicable license agreement, including, 
without limitation, that your use is for the sole purpose of 
programming logic devices manufactured by Altera and sold by 
Altera or its authorized distributors.  Please refer to the 
applicable agreement for further details.



+---------------------------------------------------------------------------------------------------------------------------------------+
; Timing Analyzer Summary                                                                                                               ;
+------------------------------+-------+---------------+-------------+---------------+-----------+------------+----------+--------------+
; Type                         ; Slack ; Required Time ; Actual Time ; From          ; To        ; From Clock ; To Clock ; Failed Paths ;
+------------------------------+-------+---------------+-------------+---------------+-----------+------------+----------+--------------+
; Worst-case tpd               ; N/A   ; None          ; 10.244 ns   ; enable_output ; to_bus[0] ; --         ; --       ; 0            ;
; Total number of failed paths ;       ;               ;             ;               ;           ;            ;          ; 0            ;
+------------------------------+-------+---------------+-------------+---------------+-----------+------------+----------+--------------+


+--------------------------------------------------------------------------------------------------------------------+
; Timing Analyzer Settings                                                                                           ;
+---------------------------------------------------------------------+--------------------+------+----+-------------+
; Option                                                              ; Setting            ; From ; To ; Entity Name ;
+---------------------------------------------------------------------+--------------------+------+----+-------------+
; Device Name                                                         ; EP2C5T144C8        ;      ;    ;             ;
; Timing Models                                                       ; Final              ;      ;    ;             ;
; Default hold multicycle                                             ; Same as Multicycle ;      ;    ;             ;
; Cut paths between unrelated clock domains                           ; On                 ;      ;    ;             ;
; Cut off read during write signal paths                              ; On                 ;      ;    ;             ;
; Cut off feedback from I/O pins                                      ; On                 ;      ;    ;             ;
; Report Combined Fast/Slow Timing                                    ; Off                ;      ;    ;             ;
; Ignore Clock Settings                                               ; Off                ;      ;    ;             ;
; Analyze latches as synchronous elements                             ; On                 ;      ;    ;             ;
; Enable Recovery/Removal analysis                                    ; Off                ;      ;    ;             ;
; Enable Clock Latency                                                ; Off                ;      ;    ;             ;
; Use TimeQuest Timing Analyzer                                       ; Off                ;      ;    ;             ;
; Minimum Core Junction Temperature                                   ; 0                  ;      ;    ;             ;
; Maximum Core Junction Temperature                                   ; 85                 ;      ;    ;             ;
; Number of source nodes to report per destination node               ; 10                 ;      ;    ;             ;
; Number of destination nodes to report                               ; 10                 ;      ;    ;             ;
; Number of paths to report                                           ; 200                ;      ;    ;             ;
; Report Minimum Timing Checks                                        ; Off                ;      ;    ;             ;
; Use Fast Timing Models                                              ; Off                ;      ;    ;             ;
; Report IO Paths Separately                                          ; Off                ;      ;    ;             ;
; Perform Multicorner Analysis                                        ; On                 ;      ;    ;             ;
; Reports the worst-case path for each clock domain and analysis      ; Off                ;      ;    ;             ;
; Removes common clock path pessimism (CCPP) during slack computation ; Off                ;      ;    ;             ;
; Output I/O Timing Endpoint                                          ; Near End           ;      ;    ;             ;
+---------------------------------------------------------------------+--------------------+------+----+-------------+


+------------------------------------------+
; Parallel Compilation                     ;
+----------------------------+-------------+
; Processors                 ; Number      ;
+----------------------------+-------------+
; Number detected on machine ; 2           ;
; Maximum allowed            ; 2           ;
;                            ;             ;
; Average used               ; 1.00        ;
; Maximum used               ; 1           ;
;                            ;             ;
; Usage by Processor         ; % Time Used ;
;     1 processor            ; 100.0%      ;
;     2 processors           ;   0.0%      ;
+----------------------------+-------------+


+-------------------------------------------------------------------------+
; tpd                                                                     ;
+-------+-------------------+-----------------+---------------+-----------+
; Slack ; Required P2P Time ; Actual P2P Time ; From          ; To        ;
+-------+-------------------+-----------------+---------------+-----------+
; N/A   ; None              ; 10.244 ns       ; enable_output ; to_bus[3] ;
; N/A   ; None              ; 10.244 ns       ; enable_output ; to_bus[0] ;
; N/A   ; None              ; 9.590 ns        ; enable_output ; to_bus[1] ;
; N/A   ; None              ; 9.580 ns        ; enable_output ; to_bus[4] ;
; N/A   ; None              ; 9.580 ns        ; enable_output ; to_bus[2] ;
; N/A   ; None              ; 9.578 ns        ; enable_output ; to_bus[5] ;
; N/A   ; None              ; 9.157 ns        ; enable_output ; to_bus[6] ;
; N/A   ; None              ; 9.147 ns        ; enable_output ; to_bus[7] ;
; N/A   ; None              ; 7.036 ns        ; address[2]    ; to_bus[7] ;
; N/A   ; None              ; 7.028 ns        ; address[0]    ; to_bus[7] ;
; N/A   ; None              ; 6.858 ns        ; address[2]    ; to_bus[5] ;
; N/A   ; None              ; 6.850 ns        ; address[0]    ; to_bus[5] ;
; N/A   ; None              ; 6.840 ns        ; address[0]    ; to_bus[3] ;
; N/A   ; None              ; 6.837 ns        ; address[2]    ; to_bus[0] ;
; N/A   ; None              ; 6.834 ns        ; address[2]    ; to_bus[3] ;
; N/A   ; None              ; 6.826 ns        ; address[0]    ; to_bus[0] ;
; N/A   ; None              ; 6.703 ns        ; address[1]    ; to_bus[7] ;
; N/A   ; None              ; 6.618 ns        ; address[3]    ; to_bus[7] ;
; N/A   ; None              ; 6.555 ns        ; address[2]    ; to_bus[6] ;
; N/A   ; None              ; 6.550 ns        ; address[0]    ; to_bus[6] ;
; N/A   ; None              ; 6.527 ns        ; address[0]    ; to_bus[1] ;
; N/A   ; None              ; 6.525 ns        ; address[1]    ; to_bus[5] ;
; N/A   ; None              ; 6.524 ns        ; address[2]    ; to_bus[1] ;
; N/A   ; None              ; 6.516 ns        ; address[0]    ; to_bus[2] ;
; N/A   ; None              ; 6.513 ns        ; address[1]    ; to_bus[3] ;
; N/A   ; None              ; 6.509 ns        ; address[2]    ; to_bus[2] ;
; N/A   ; None              ; 6.503 ns        ; address[1]    ; to_bus[0] ;
; N/A   ; None              ; 6.440 ns        ; address[3]    ; to_bus[5] ;
; N/A   ; None              ; 6.420 ns        ; address[3]    ; to_bus[0] ;
; N/A   ; None              ; 6.416 ns        ; address[3]    ; to_bus[3] ;
; N/A   ; None              ; 6.400 ns        ; address[0]    ; to_bus[4] ;
; N/A   ; None              ; 6.394 ns        ; address[2]    ; to_bus[4] ;
; N/A   ; None              ; 6.225 ns        ; address[1]    ; to_bus[6] ;
; N/A   ; None              ; 6.204 ns        ; address[1]    ; to_bus[1] ;
; N/A   ; None              ; 6.188 ns        ; address[1]    ; to_bus[2] ;
; N/A   ; None              ; 6.137 ns        ; address[3]    ; to_bus[6] ;
; N/A   ; None              ; 6.104 ns        ; address[3]    ; to_bus[1] ;
; N/A   ; None              ; 6.088 ns        ; address[3]    ; to_bus[2] ;
; N/A   ; None              ; 5.972 ns        ; address[3]    ; to_bus[4] ;
+-------+-------------------+-----------------+---------------+-----------+


+--------------------------+
; Timing Analyzer Messages ;
+--------------------------+
Info: *******************************************************************
Info: Running Quartus II Classic Timing Analyzer
    Info: Version 9.0 Build 132 02/25/2009 SJ Full Version
    Info: Processing started: Fri Mar 12 23:04:11 2021
Info: Command: quartus_tan --read_settings_files=off --write_settings_files=off SAP_1 -c SAP_1 --timing_analysis_only
Info: Parallel compilation is enabled and will use 2 of the 2 processors detected
Info: Longest tpd from source pin "enable_output" to destination pin "to_bus[3]" is 10.244 ns
    Info: 1: + IC(0.000 ns) + CELL(0.945 ns) = 0.945 ns; Loc. = PIN_31; Fanout = 8; PIN Node = 'enable_output'
    Info: 2: + IC(6.204 ns) + CELL(3.095 ns) = 10.244 ns; Loc. = PIN_8; Fanout = 0; PIN Node = 'to_bus[3]'
    Info: Total cell delay = 4.040 ns ( 39.44 % )
    Info: Total interconnect delay = 6.204 ns ( 60.56 % )
Info: Quartus II Classic Timing Analyzer was successful. 0 errors, 0 warnings
    Info: Peak virtual memory: 196 megabytes
    Info: Processing ended: Fri Mar 12 23:04:11 2021
    Info: Elapsed time: 00:00:00
    Info: Total CPU time (on all processors): 00:00:00


