--------------------------------------------------------------------------------------
Timing Analyzer Summary
--------------------------------------------------------------------------------------

Type           : Worst-case tsu
Slack          : N/A
Required Time  : None
Actual Time    : 0.232 ns
From           : count
To             : counter[3]
From Clock     : --
To Clock       : clock
Failed Paths   : 0

Type           : Worst-case tco
Slack          : N/A
Required Time  : None
Actual Time    : 7.529 ns
From           : counter[2]
To             : to_BUS[2]
From Clock     : clock
To Clock       : --
Failed Paths   : 0

Type           : Worst-case tpd
Slack          : N/A
Required Time  : None
Actual Time    : 9.821 ns
From           : enable_output
To             : to_BUS[0]
From Clock     : --
To Clock       : --
Failed Paths   : 0

Type           : Worst-case th
Slack          : N/A
Required Time  : None
Actual Time    : 0.745 ns
From           : clear
To             : counter[3]
From Clock     : --
To Clock       : clock
Failed Paths   : 0

Type           : Clock Setup: 'clock'
Slack          : N/A
Required Time  : None
Actual Time    : Restricted to 340.02 MHz ( period = 2.941 ns )
From           : counter[0]
To             : counter[3]
From Clock     : clock
To Clock       : clock
Failed Paths   : 0

Type           : Total number of failed paths
Slack          : 
Required Time  : 
Actual Time    : 
From           : 
To             : 
From Clock     : 
To Clock       : 
Failed Paths   : 0

--------------------------------------------------------------------------------------

